Set parameter WLSAccessID
Set parameter WLSSecret
Set parameter LicenseID to value 2808396
Set parameter TimeLimit to value 10
Set parameter LogFile to value "gurobi.log"
Using license file /home/admin/k8s-secrets/gurobi.lic
Academic license 2808396 - for non-commercial use only - registered to uc___@student.uc.pt

Gurobi Optimizer version 13.0.1 build v13.0.1rc0 (linux64 - "Ubuntu 22.04.5 LTS")
Copyright (c) 2026, Gurobi Optimization, LLC

Read LP format model from file /home/admin/FederatedKubernetesOperator-Thesis/benchmarks/instances/medium.lp
Reading time = 0.00 seconds
obj: 556 rows, 1004 columns, 2557 nonzeros

Using Gurobi shared library /home/admin/gurobi1301/linux64/lib/libgurobi.so.13.0.1

CPU model: Intel(R) Xeon(R) Gold 6326 CPU @ 2.90GHz, instruction set [SSE2|AVX|AVX2|AVX512]
Thread count: 2 physical cores, 2 logical processors, using up to 2 threads

Non-default parameters:
TimeLimit  10

Academic license 2808396 - for non-commercial use only - registered to uc___@student.uc.pt
Optimize a model with 556 rows, 1004 columns and 2557 nonzeros (Min)
Model fingerprint: 0x31e3ddf1
Model has 2 linear objective coefficients
Variable types: 504 continuous, 500 integer (0 binary)
Coefficient statistics:
  Matrix range     [1e-01, 5e+01]
  Objective range  [1e+00, 1e+00]
  Bounds range     [0e+00, 0e+00]
  RHS range        [3e-03, 2e+03]

Presolve removed 5 rows and 4 columns
Presolve time: 0.00s
Presolved: 551 rows, 1000 columns, 1999 nonzeros
Variable types: 173 continuous, 827 integer (304 binary)
Found heuristic solution: objective 21559.216550
Found heuristic solution: objective 21252.519600
Found heuristic solution: objective 21229.402800

Root relaxation: objective 3.293982e+03, 666 iterations, 0.00 seconds (0.00 work units)

    Nodes    |    Current Node    |     Objective Bounds      |     Work
 Expl Unexpl |  Obj  Depth IntInf | Incumbent    BestBd   Gap | It/Node Time

     0     0 3293.98180    0  269 21229.4028 3293.98180  84.5%     -    0s
H    0     0                    5500.7408500 3293.98180  40.1%     -    0s
H    0     0                    4725.8713000 3293.98180  30.3%     -    0s
H    0     0                    4725.6200500 3293.98180  30.3%     -    0s
H    0     0                    4716.6650500 3293.98180  30.2%     -    0s
*    0     0               0    4450.8186000 4450.81860  0.00%     -    0s

Cutting planes:
  Gomory: 18
  MIR: 185

Explored 1 nodes (877 simplex iterations) in 0.03 seconds (0.02 work units)
Thread count was 2 (of 2 available processors)

Solution count 8: 4450.82 4716.67 4725.62 ... 21559.2

Optimal solution found (tolerance 1.00e-04)
Best objective 4.450818600000e+03, best bound 4.450818600000e+03, gap 0.0000%

Wrote result file '/home/admin/FederatedKubernetesOperator-Thesis/benchmarks/results/medium.sol'

