Set parameter WLSAccessID
Set parameter WLSSecret
Set parameter LicenseID to value 2808396
Set parameter TimeLimit to value 10
Set parameter LogFile to value "gurobi.log"
Using license file /home/admin/k8s-secrets/gurobi.lic
Academic license 2808396 - for non-commercial use only - registered to uc___@student.uc.pt

Gurobi Optimizer version 13.0.1 build v13.0.1rc0 (linux64 - "Ubuntu 22.04.5 LTS")
Copyright (c) 2026, Gurobi Optimization, LLC

Read LP format model from file /home/admin/FederatedKubernetesOperator-Thesis/benchmarks/instances/micro.lp
Reading time = 0.00 seconds
obj: 21 rows, 24 columns, 62 nonzeros

Using Gurobi shared library /home/admin/gurobi1301/linux64/lib/libgurobi.so.13.0.1

CPU model: Intel(R) Xeon(R) Gold 6326 CPU @ 2.90GHz, instruction set [SSE2|AVX|AVX2|AVX512]
Thread count: 2 physical cores, 2 logical processors, using up to 2 threads

Non-default parameters:
TimeLimit  10

Academic license 2808396 - for non-commercial use only - registered to uc___@student.uc.pt
Optimize a model with 21 rows, 24 columns and 62 nonzeros (Min)
Model fingerprint: 0x170704a4
Model has 2 linear objective coefficients
Variable types: 14 continuous, 10 integer (0 binary)
Coefficient statistics:
  Matrix range     [2e-01, 5e+01]
  Objective range  [1e+00, 1e+00]
  Bounds range     [0e+00, 0e+00]
  RHS range        [1e+00, 1e+03]

Presolve removed 20 rows and 21 columns
Presolve time: 0.00s
Presolved: 1 rows, 3 columns, 3 nonzeros
Variable types: 2 continuous, 1 integer (0 binary)
Found heuristic solution: objective 221.5974500
Found heuristic solution: objective 174.2147000

Explored 0 nodes (0 simplex iterations) in 0.00 seconds (0.00 work units)
Thread count was 2 (of 2 available processors)

Solution count 2: 174.215 221.597 

Optimal solution found (tolerance 1.00e-04)
Best objective 1.742147000000e+02, best bound 1.742147000000e+02, gap 0.0000%

Wrote result file '/home/admin/FederatedKubernetesOperator-Thesis/benchmarks/results/micro.sol'

