Set parameter WLSAccessID
Set parameter WLSSecret
Set parameter LicenseID to value 2808396
Set parameter TimeLimit to value 10
Set parameter LogFile to value "gurobi.log"
Using license file /home/admin/k8s-secrets/gurobi.lic
Academic license 2808396 - for non-commercial use only - registered to uc___@student.uc.pt

Gurobi Optimizer version 13.0.1 build v13.0.1rc0 (linux64 - "Ubuntu 22.04.5 LTS")
Copyright (c) 2026, Gurobi Optimization, LLC

Read LP format model from file /home/admin/FederatedKubernetesOperator-Thesis/benchmarks/instances/small.lp
Reading time = 0.00 seconds
obj: 126 rows, 204 columns, 527 nonzeros

Using Gurobi shared library /home/admin/gurobi1301/linux64/lib/libgurobi.so.13.0.1

CPU model: Intel(R) Xeon(R) Gold 6326 CPU @ 2.90GHz, instruction set [SSE2|AVX|AVX2|AVX512]
Thread count: 2 physical cores, 2 logical processors, using up to 2 threads

Non-default parameters:
TimeLimit  10

Academic license 2808396 - for non-commercial use only - registered to uc___@student.uc.pt
Optimize a model with 126 rows, 204 columns and 527 nonzeros (Min)
Model fingerprint: 0xa28b1b8d
Model has 2 linear objective coefficients
Variable types: 104 continuous, 100 integer (0 binary)
Coefficient statistics:
  Matrix range     [1e-01, 5e+01]
  Objective range  [1e+00, 1e+00]
  Bounds range     [0e+00, 0e+00]
  RHS range        [1e-02, 1e+03]

Presolve removed 4 rows and 3 columns
Presolve time: 0.00s
Presolved: 122 rows, 201 columns, 401 nonzeros
Variable types: 55 continuous, 146 integer (34 binary)
Found heuristic solution: objective 7788.5960500
Found heuristic solution: objective 7742.2857500
Found heuristic solution: objective 7708.3934500

Root relaxation: objective 6.367827e+02, 156 iterations, 0.00 seconds (0.00 work units)

    Nodes    |    Current Node    |     Objective Bounds      |     Work
 Expl Unexpl |  Obj  Depth IntInf | Incumbent    BestBd   Gap | It/Node Time

     0     0  636.78274    0   94 7708.39345  636.78274  91.7%     -    0s
H    0     0                    1269.7193500  636.78274  49.8%     -    0s
H    0     0                    1161.0404000  636.78274  45.2%     -    0s
H    0     0                    1150.5170000  636.78274  44.7%     -    0s
*    0     0               0    1043.2236500 1043.22365  0.00%     -    0s

Cutting planes:
  Gomory: 22
  MIR: 60

Explored 1 nodes (235 simplex iterations) in 0.01 seconds (0.00 work units)
Thread count was 2 (of 2 available processors)

Solution count 7: 1043.22 1150.52 1161.04 ... 7788.6

Optimal solution found (tolerance 1.00e-04)
Best objective 1.043223650000e+03, best bound 1.043223650000e+03, gap 0.0000%

Wrote result file '/home/admin/FederatedKubernetesOperator-Thesis/benchmarks/results/small.sol'

